==========================================
SLURM_CLUSTER_NAME = paramrudra
SLURM_ARRAY_JOB_ID = 
SLURM_ARRAY_TASK_ID = 
SLURM_ARRAY_TASK_COUNT = 
SLURM_ARRAY_TASK_MAX = 
SLURM_ARRAY_TASK_MIN = 
SLURM_JOB_ACCOUNT = iitk
SLURM_JOB_ID = 19516
SLURM_JOB_NAME = assign2_32_240
SLURM_JOB_NODELIST = rdcn25
SLURM_JOB_USER = iitk_51
SLURM_JOB_UID = 55891
SLURM_JOB_PARTITION = cpu
SLURM_TASK_PID = 3426118
SLURM_SUBMIT_DIR = /home/iitk_51/assign2
SLURM_CPUS_ON_NODE = 32
SLURM_NTASKS = 32
SLURM_TASK_PID = 3426118
==========================================
Run 1
32806440 32801568 
15391542 15381884 
9242287 9242501 
6347746 6343091 
4780617 4771178 
5.973506
Run 2
32806440 32801568 
15391542 15381884 
9242287 9242501 
6347746 6343091 
4780617 4771178 
5.984205
Run 3
32806440 32801568 
15391542 15381884 
9242287 9242501 
6347746 6343091 
4780617 4771178 
5.990331
Run 4
32806440 32801568 
15391542 15381884 
9242287 9242501 
6347746 6343091 
4780617 4771178 
5.994489
Run 5
32806440 32801568 
15391542 15381884 
9242287 9242501 
6347746 6343091 
4780617 4771178 
5.993161
