==========================================
SLURM_CLUSTER_NAME = paramrudra
SLURM_ARRAY_JOB_ID = 
SLURM_ARRAY_TASK_ID = 
SLURM_ARRAY_TASK_COUNT = 
SLURM_ARRAY_TASK_MAX = 
SLURM_ARRAY_TASK_MIN = 
SLURM_JOB_ACCOUNT = iitk
SLURM_JOB_ID = 19518
SLURM_JOB_NAME = assign2_48_240
SLURM_JOB_NODELIST = rdcn27
SLURM_JOB_USER = iitk_51
SLURM_JOB_UID = 55891
SLURM_JOB_PARTITION = cpu
SLURM_TASK_PID = 1777639
SLURM_SUBMIT_DIR = /home/iitk_51/assign2
SLURM_CPUS_ON_NODE = 48
SLURM_NTASKS = 48
SLURM_TASK_PID = 1777639
==========================================
Run 1
32892284 32886171 
15513528 15503411 
9369510 9367887 
6453220 6445469 
4874414 4864720 
5.816406
Run 2
32892284 32886171 
15513528 15503411 
9369510 9367887 
6453220 6445469 
4874414 4864720 
5.815438
Run 3
32892284 32886171 
15513528 15503411 
9369510 9367887 
6453220 6445469 
4874414 4864720 
5.847428
Run 4
32892284 32886171 
15513528 15503411 
9369510 9367887 
6453220 6445469 
4874414 4864720 
5.865798
Run 5
32892284 32886171 
15513528 15503411 
9369510 9367887 
6453220 6445469 
4874414 4864720 
5.884235

