==========================================
SLURM_CLUSTER_NAME = paramrudra
SLURM_ARRAY_JOB_ID = 
SLURM_ARRAY_TASK_ID = 
SLURM_ARRAY_TASK_COUNT = 
SLURM_ARRAY_TASK_MAX = 
SLURM_ARRAY_TASK_MIN = 
SLURM_JOB_ACCOUNT = iitk
SLURM_JOB_ID = 19522
SLURM_JOB_NAME = assign2_64_240
SLURM_JOB_NODELIST = rdcn[30-31]
SLURM_JOB_USER = iitk_51
SLURM_JOB_UID = 55891
SLURM_JOB_PARTITION = cpu
SLURM_TASK_PID = 2049221
SLURM_SUBMIT_DIR = /home/iitk_51/assign2
SLURM_CPUS_ON_NODE = 32
SLURM_NTASKS = 64
SLURM_TASK_PID = 2049221
==========================================
Run 1
32806376 32801578 
15391542 15381884 
9242287 9242501 
6347746 6343091 
4780617 4771178 
5.478437
Run 2
32806376 32801578 
15391542 15381884 
9242287 9242501 
6347746 6343091 
4780617 4771178 
5.495327
Run 3
32806376 32801578 
15391542 15381884 
9242287 9242501 
6347746 6343091 
4780617 4771178 
5.504269
Run 4
32806376 32801578 
15391542 15381884 
9242287 9242501 
6347746 6343091 
4780617 4771178 
5.512994
Run 5
32806376 32801578 
15391542 15381884 
9242287 9242501 
6347746 6343091 
4780617 4771178 
5.520801
