==========================================
SLURM_CLUSTER_NAME = paramrudra
SLURM_ARRAY_JOB_ID = 
SLURM_ARRAY_TASK_ID = 
SLURM_ARRAY_TASK_COUNT = 
SLURM_ARRAY_TASK_MAX = 
SLURM_ARRAY_TASK_MIN = 
SLURM_JOB_ACCOUNT = iitk
SLURM_JOB_ID = 19524
SLURM_JOB_NAME = assign2_96_120
SLURM_JOB_NODELIST = rdcn[32-33]
SLURM_JOB_USER = iitk_51
SLURM_JOB_UID = 55891
SLURM_JOB_PARTITION = cpu
SLURM_TASK_PID = 1412839
SLURM_SUBMIT_DIR = /home/iitk_51/assign2
SLURM_CPUS_ON_NODE = 48
SLURM_NTASKS = 96
SLURM_TASK_PID = 1412839
==========================================
Run 1
311251 312799 
68825 70328 
15180 15414 
3267 3081 
542 602 
0.654852
Run 2
311251 312799 
68825 70328 
15180 15414 
3267 3081 
542 602 
0.659129
Run 3
311251 312799 
68825 70328 
15180 15414 
3267 3081 
542 602 
0.659884
Run 4
311251 312799 
68825 70328 
15180 15414 
3267 3081 
542 602 
0.660576
Run 5
311251 312799 
68825 70328 
15180 15414 
3267 3081 
542 602 
0.659898
