==========================================
SLURM_CLUSTER_NAME = paramrudra
SLURM_ARRAY_JOB_ID = 
SLURM_ARRAY_TASK_ID = 
SLURM_ARRAY_TASK_COUNT = 
SLURM_ARRAY_TASK_MAX = 
SLURM_ARRAY_TASK_MIN = 
SLURM_JOB_ACCOUNT = iitk
SLURM_JOB_ID = 19520
SLURM_JOB_NAME = assign2_64_120
SLURM_JOB_NODELIST = rdcn[30-31]
SLURM_JOB_USER = iitk_51
SLURM_JOB_UID = 55891
SLURM_JOB_PARTITION = cpu
SLURM_TASK_PID = 2048718
SLURM_SUBMIT_DIR = /home/iitk_51/assign2
SLURM_CPUS_ON_NODE = 32
SLURM_NTASKS = 64
SLURM_TASK_PID = 2048718
==========================================
Run 1
311523 312971 
68905 70422 
15216 15442 
3271 3081 
542 602 
0.650523
Run 2
311523 312971 
68905 70422 
15216 15442 
3271 3081 
542 602 
0.651523
Run 3
311523 312971 
68905 70422 
15216 15442 
3271 3081 
542 602 
0.659015
Run 4
311523 312971 
68905 70422 
15216 15442 
3271 3081 
542 602 
0.652088
Run 5
311523 312971 
68905 70422 
15216 15442 
3271 3081 
542 602 
0.660118
