==========================================
SLURM_CLUSTER_NAME = paramrudra
SLURM_ARRAY_JOB_ID = 
SLURM_ARRAY_TASK_ID = 
SLURM_ARRAY_TASK_COUNT = 
SLURM_ARRAY_TASK_MAX = 
SLURM_ARRAY_TASK_MIN = 
SLURM_JOB_ACCOUNT = iitk
SLURM_JOB_ID = 19515
SLURM_JOB_NAME = assign2_32_120
SLURM_JOB_NODELIST = rdcn25
SLURM_JOB_USER = iitk_51
SLURM_JOB_UID = 55891
SLURM_JOB_PARTITION = cpu
SLURM_TASK_PID = 3425606
SLURM_SUBMIT_DIR = /home/iitk_51/assign2
SLURM_CPUS_ON_NODE = 32
SLURM_NTASKS = 32
SLURM_TASK_PID = 3425606
==========================================
Run 1
311523 312971 
68905 70422 
15216 15442 
3271 3081 
542 602 
0.662925
Run 2
311523 312971 
68905 70422 
15216 15442 
3271 3081 
542 602 
0.673318
Run 3
311523 312971 
68905 70422 
15216 15442 
3271 3081 
542 602 
0.677184
Run 4
311523 312971 
68905 70422 
15216 15442 
3271 3081 
542 602 
0.663381
Run 5
311523 312971 
68905 70422 
15216 15442 
3271 3081 
542 602 
0.661943
