==========================================
SLURM_CLUSTER_NAME = paramrudra
SLURM_ARRAY_JOB_ID = 
SLURM_ARRAY_TASK_ID = 
SLURM_ARRAY_TASK_COUNT = 
SLURM_ARRAY_TASK_MAX = 
SLURM_ARRAY_TASK_MIN = 
SLURM_JOB_ACCOUNT = iitk
SLURM_JOB_ID = 19529
SLURM_JOB_NAME = assign2_96_240
SLURM_JOB_NODELIST = rdcn[32-33]
SLURM_JOB_USER = iitk_51
SLURM_JOB_UID = 55891
SLURM_JOB_PARTITION = cpu
SLURM_TASK_PID = 1413513
SLURM_SUBMIT_DIR = /home/iitk_51/assign2
SLURM_CPUS_ON_NODE = 48
SLURM_NTASKS = 96
SLURM_TASK_PID = 1413513
==========================================
Run 1
32892165 32886141 
15513528 15503411 
9369510 9367887 
6453220 6445469 
4874414 4864720 
5.757361
Run 2
32892165 32886141 
15513528 15503411 
9369510 9367887 
6453220 6445469 
4874414 4864720 
5.888798
Run 3
32892165 32886141 
15513528 15503411 
9369510 9367887 
6453220 6445469 
4874414 4864720 
5.775903
Run 4
32892165 32886141 
15513528 15503411 
9369510 9367887 
6453220 6445469 
4874414 4864720 
5.830695
Run 5
32892165 32886141 
15513528 15503411 
9369510 9367887 
6453220 6445469 
4874414 4864720 
5.803889
